[    0.000000] Initializing cgroup subsys cpuset
[    0.000000] Initializing cgroup subsys cpu
[    0.000000] Initializing cgroup subsys cpuacct
[    0.000000] Linux version 4.4.0-173-generic (buildd@lgw01-amd64-036) (gcc version 5.4.0 20160609 (Ubuntu 5.4.0-6ubuntu1~16.04.12) ) #203-Ubuntu SMP Wed Jan 15 02:55:42 UTC 2020 (Ubuntu 4.4.0-173.203-generic 4.4.208)
[    0.000000] KERNEL supported cpus:
[    0.000000]   Intel GenuineIntel
[    0.000000]   AMD AuthenticAMD
[    0.000000]   NSC Geode by NSC
[    0.000000]   Cyrix CyrixInstead
[    0.000000]   Centaur CentaurHauls
[    0.000000]   Transmeta GenuineTMx86
[    0.000000]   Transmeta TransmetaCPU
[    0.000000]   UMC UMC UMC UMC
[    0.000000] x86/fpu: xstate_offset[2]:  576, xstate_sizes[2]:  256
[    0.000000] x86/fpu: Supporting XSAVE feature 0x01: 'x87 floating point registers'
[    0.000000] x86/fpu: Supporting XSAVE feature 0x02: 'SSE registers'
[    0.000000] x86/fpu: Supporting XSAVE feature 0x04: 'AVX registers'
[    0.000000] x86/fpu: Enabled xstate features 0x7, context size is 832 bytes, using 'standard' format.
[    0.000000] e820: BIOS-provided physical RAM map:
[    0.000000] BIOS-e820: [mem 0x0000000000000000-0x000000000009fbff] usable
[    0.000000] BIOS-e820: [mem 0x000000000009fc00-0x000000000009ffff] reserved
[    0.000000] BIOS-e820: [mem 0x00000000000f0000-0x00000000000fffff] reserved
[    0.000000] BIOS-e820: [mem 0x0000000000100000-0x000000003ffeffff] usable
[    0.000000] BIOS-e820: [mem 0x000000003fff0000-0x000000003fffffff] ACPI data
[    0.000000] BIOS-e820: [mem 0x00000000fec00000-0x00000000fec00fff] reserved
[    0.000000] BIOS-e820: [mem 0x00000000fee00000-0x00000000fee00fff] reserved
[    0.000000] BIOS-e820: [mem 0x00000000fffc0000-0x00000000ffffffff] reserved
[    0.000000] NX (Execute Disable) protection: active
[    0.000000] SMBIOS 2.5 present.
[    0.000000] Hypervisor detected: KVM
[    0.000000] e820: last_pfn = 0x3fff0 max_arch_pfn = 0x1000000
[    0.000000] MTRR: Disabled
[    0.000000] x86/PAT: MTRRs disabled, skipping PAT initialization too.
[    0.000000] CPU MTRRs all blank - virtualized system.
[    0.000000] x86/PAT: Configuration [0-7]: WB  WT  UC- UC  WB  WT  UC- UC  
[    0.000000] found SMP MP-table at [mem 0x0009fff0-0x0009ffff] mapped at [c009fff0]
[    0.000000] Scanning 1 areas for low memory corruption
[    0.000000] RAMDISK: [mem 0x362ea000-0x3716cfff]
[    0.000000] ACPI: Early table checksum verification disabled
[    0.000000] ACPI: RSDP 0x00000000000E0000 000024 (v02 VBOX  )
[    0.000000] ACPI: XSDT 0x000000003FFF0030 00003C (v01 VBOX   VBOXXSDT 00000001 ASL  00000061)
[    0.000000] ACPI: FACP 0x000000003FFF00F0 0000F4 (v04 VBOX   VBOXFACP 00000001 ASL  00000061)
[    0.000000] ACPI: DSDT 0x000000003FFF0470 002325 (v02 VBOX   VBOXBIOS 00000002 INTL 20100528)
[    0.000000] ACPI: FACS 0x000000003FFF0200 000040
[    0.000000] ACPI: FACS 0x000000003FFF0200 000040
[    0.000000] ACPI: APIC 0x000000003FFF0240 00005C (v02 VBOX   VBOXAPIC 00000001 ASL  00000061)
[    0.000000] ACPI: SSDT 0x000000003FFF02A0 0001CC (v01 VBOX   VBOXCPUT 00000002 INTL 20100528)
[    0.000000] 131MB HIGHMEM available.
[    0.000000] 891MB LOWMEM available.
[    0.000000]   mapped low ram: 0 - 37bfe000
[    0.000000]   low ram: 0 - 37bfe000
[    0.000000] kvm-clock: Using msrs 4b564d01 and 4b564d00
[    0.000000] kvm-clock: cpu 0, msr 0:37bfd001, primary cpu clock
[    0.000000] kvm-clock: using sched offset of 4603570743 cycles
[    0.000000] clocksource: kvm-clock: mask: 0xffffffffffffffff max_cycles: 0x1cd42e4dffb, max_idle_ns: 881590591483 ns
[    0.000000] Zone ranges:
[    0.000000]   DMA      [mem 0x0000000000001000-0x0000000000ffffff]
[    0.000000]   Normal   [mem 0x0000000001000000-0x0000000037bfdfff]
[    0.000000]   HighMem  [mem 0x0000000037bfe000-0x000000003ffeffff]
[    0.000000] Movable zone start for each node
[    0.000000] Early memory node ranges
[    0.000000]   node   0: [mem 0x0000000000001000-0x000000000009efff]
[    0.000000]   node   0: [mem 0x0000000000100000-0x000000003ffeffff]
[    0.000000] Initmem setup node 0 [mem 0x0000000000001000-0x000000003ffeffff]
[    0.000000] Using APIC driver default
[    0.000000] ACPI: PM-Timer IO Port: 0x4008
[    0.000000] IOAPIC[0]: apic_id 2, version 32, address 0xfec00000, GSI 0-23
[    0.000000] ACPI: INT_SRC_OVR (bus 0 bus_irq 0 global_irq 2 dfl dfl)
[    0.000000] ACPI: INT_SRC_OVR (bus 0 bus_irq 9 global_irq 9 low level)
[    0.000000] Using ACPI (MADT) for SMP configuration information
[    0.000000] smpboot: Allowing 2 CPUs, 0 hotplug CPUs
[    0.000000] PM: Registered nosave memory: [mem 0x00000000-0x00000fff]
[    0.000000] PM: Registered nosave memory: [mem 0x0009f000-0x0009ffff]
[    0.000000] PM: Registered nosave memory: [mem 0x000a0000-0x000effff]
[    0.000000] PM: Registered nosave memory: [mem 0x000f0000-0x000fffff]
[    0.000000] e820: [mem 0x40000000-0xfebfffff] available for PCI devices
[    0.000000] Booting paravirtualized kernel on KVM
[    0.000000] clocksource: refined-jiffies: mask: 0xffffffff max_cycles: 0xffffffff, max_idle_ns: 7645519600211568 ns
[    0.000000] setup_percpu: NR_CPUS:8 nr_cpumask_bits:8 nr_cpu_ids:2 nr_node_ids:1
[    0.000000] PERCPU: Embedded 18 pages/cpu @f71b2000 s43276 r0 d30452 u73728
[    0.000000] Built 1 zonelists in Zone order, mobility grouping on.  Total pages: 259800
[    0.000000] Kernel command line: BOOT_IMAGE=/boot/vmlinuz-4.4.0-173-generic root=LABEL=cloudimg-rootfs ro console=tty1 console=ttyS0
[    0.000000] PID hash table entries: 4096 (order: 2, 16384 bytes)
[    0.000000] Dentry cache hash table entries: 131072 (order: 7, 524288 bytes)
[    0.000000] Inode-cache hash table entries: 65536 (order: 6, 262144 bytes)
[    0.000000] Initializing CPU#0
[    0.000000] Initializing HighMem for node 0 (00037bfe:0003fff0)
[    0.000000] Initializing Movable for node 0 (00000000:00000000)
[    0.000000] Memory: 1007856K/1048120K available (8136K kernel code, 790K rwdata, 3208K rodata, 936K init, 788K bss, 40264K reserved, 0K cma-reserved, 135112K highmem)
[    0.000000] virtual kernel memory layout:
[    0.000000]     fixmap  : 0xfff15000 - 0xfffff000   ( 936 kB)
[    0.000000]     pkmap   : 0xffc00000 - 0xffe00000   (2048 kB)
[    0.000000]     vmalloc : 0xf83fe000 - 0xffbfe000   ( 120 MB)
[    0.000000]     lowmem  : 0xc0000000 - 0xf7bfe000   ( 891 MB)
[    0.000000]       .init : 0xc1bdd000 - 0xc1cc7000   ( 936 kB)
[    0.000000]       .data : 0xc17f2688 - 0xc1bdb980   (4004 kB)
[    0.000000]       .text : 0xc1000000 - 0xc17f2688   (8137 kB)
[    0.000000] Checking if this processor honours the WP bit even in supervisor mode...Ok.
[    0.000000] SLUB: HWalign=64, Order=0-3, MinObjects=0, CPUs=2, Nodes=1
[    0.000000] Hierarchical RCU implementation.
[    0.000000] 	Build-time adjustment of leaf fanout to 32.
[    0.000000] 	RCU restricting CPUs from NR_CPUS=8 to nr_cpu_ids=2.
[    0.000000] RCU: Adjusting geometry for rcu_fanout_leaf=32, nr_cpu_ids=2
[    0.000000] NR_IRQS:2304 nr_irqs:440 16
[    0.000000] Console: colour VGA+ 80x25
[    0.000000] console [tty1] enabled
[    0.000000] console [ttyS0] enabled
[    0.000000] allocated 1048576 bytes of page_ext
[    0.000000] tsc: Detected 2793.538 MHz processor
[    0.338671] Calibrating delay loop (skipped) preset value.. 5587.07 BogoMIPS (lpj=11174152)
[    0.342124] pid_max: default: 32768 minimum: 301
[    0.343977] ACPI: Core revision 20150930
[    0.349910] ACPI: 2 ACPI AML tables successfully acquired and loaded
[    0.352488] Security Framework initialized
[    0.354204] Yama: becoming mindful.
[    0.355747] AppArmor: AppArmor initialized
[    0.357593] Mount-cache hash table entries: 2048 (order: 1, 8192 bytes)
[    0.359962] Mountpoint-cache hash table entries: 2048 (order: 1, 8192 bytes)
[    0.362669] Initializing cgroup subsys io
[    0.364343] Initializing cgroup subsys memory
[    0.366152] Initializing cgroup subsys devices
[    0.369295] Initializing cgroup subsys freezer
[    0.371315] Initializing cgroup subsys net_cls
[    0.373158] Initializing cgroup subsys perf_event
[    0.375115] Initializing cgroup subsys net_prio
[    0.377102] Initializing cgroup subsys hugetlb
[    0.391807] Initializing cgroup subsys pids
[    0.395860] mce: CPU supports 0 MCE banks
[    0.397717] Last level iTLB entries: 4KB 1024, 2MB 1024, 4MB 1024
[    0.400376] Last level dTLB entries: 4KB 1024, 2MB 1024, 4MB 1024, 1GB 4
[    0.403045] Spectre V1 : Mitigation: usercopy/swapgs barriers and __user pointer sanitization
[    0.406718] Spectre V2 : Mitigation: Full generic retpoline
[    0.409129] Spectre V2 : Spectre v2 / SpectreRSB mitigation: Filling RSB on context switch
[    0.412791] Speculative Store Bypass: Vulnerable
[    0.414859] MDS: Vulnerable: Clear CPU buffers attempted, no microcode
[    0.424845] Freeing SMP alternatives memory: 36K
[    0.438202] ftrace: allocating 31590 entries in 62 pages
[    0.562613] smpboot: APIC(0) Converting physical 0 to logical package 0
[    0.565130] smpboot: Max logical packages: 1
[    0.566993] Enabling APIC mode:  Flat.  Using 1 I/O APICs
[    0.572377] ..TIMER: vector=0x30 apic1=0 pin1=2 apic2=-1 pin2=-1
[    0.683143] smpboot: CPU0: Intel(R) Core(TM) i5-4440S CPU @ 2.80GHz (family: 0x6, model: 0x3c, stepping: 0x3)
[    0.687477] Performance Events: unsupported p6 CPU model 60 no PMU driver, software events only.
[    0.707414] KVM setup paravirtual spinlock
[    0.710187] x86: Booting SMP configuration:
[    0.715236] .... node  #0, CPUs:      #1
[1266874885.105980] Initializing CPU#1
[    0.717566] kvm-clock: cpu 1, msr 0:37bfd041, secondary cpu clock
[    0.720755] mce: CPU supports 0 MCE banks
[    0.723836] x86: Booted up 1 node, 2 CPUs
[    0.726307] smpboot: Total of 2 processors activated (11174.15 BogoMIPS)
[    0.729907] devtmpfs: initialized
[    0.732148] evm: security.selinux
[    0.733833] evm: security.SMACK64
[    0.735380] evm: security.SMACK64EXEC
[    0.737132] evm: security.SMACK64TRANSMUTE
[    0.738971] evm: security.SMACK64MMAP
[    0.740675] evm: security.ima
[    0.742151] evm: security.capability
[    0.744253] clocksource: jiffies: mask: 0xffffffff max_cycles: 0xffffffff, max_idle_ns: 7645041785100000 ns
[    0.748221] futex hash table entries: 512 (order: 3, 32768 bytes)
[    0.750916] pinctrl core: initialized pinctrl subsystem
[    0.753336] RTC time: 14:26:58, date: 02/11/20
[    0.755503] NET: Registered protocol family 16
[    0.757839] EISA bus registered
[    0.768038] cpuidle: using governor ladder
[    0.779778] cpuidle: using governor menu
[    0.781821] PCCT header not found.
[    0.785795] ACPI: bus type PCI registered
[    0.787539] acpiphp: ACPI Hot Plug PCI Controller Driver version: 0.5
[    0.790587] PCI : PCI BIOS area is rw and x. Use pci=nobios if you want it NX.
[    0.793870] PCI: PCI BIOS revision 2.10 entry at 0xfda26, last bus=0
[    0.796332] PCI: Using configuration type 1 for base access
[    0.813738] ACPI: Added _OSI(Module Device)
[    0.815603] ACPI: Added _OSI(Processor Device)
[    0.817816] ACPI: Added _OSI(3.0 _SCP Extensions)
[    0.819955] ACPI: Added _OSI(Processor Aggregator Device)
[    0.823968] ACPI: Executed 1 blocks of module-level executable AML code
[    0.832852] ACPI: Interpreter enabled
[    0.834592] ACPI: (supports S0 S5)
[    0.836122] ACPI: Using IOAPIC for interrupt routing
[    0.838718] PCI: Using host bridge windows from ACPI; if necessary, use "pci=nocrs" and report a bug
[    0.879397] ACPI: PCI Root Bridge [PCI0] (domain 0000 [bus 00-ff])
[    0.881858] acpi PNP0A03:00: _OSC: OS supports [ASPM ClockPM Segments MSI]
[    0.885453] acpi PNP0A03:00: _OSC: not requesting OS control; OS requires [ExtendedConfig ASPM ClockPM MSI]
[    0.889580] acpi PNP0A03:00: fail to add MMCONFIG information, can't access extended PCI configuration space under this bridge.
[    0.894821] PCI host bridge to bus 0000:00
[    0.896608] pci_bus 0000:00: root bus resource [io  0x0000-0x0cf7 window]
[    0.899113] pci_bus 0000:00: root bus resource [io  0x0d00-0xffff window]
[    0.901629] pci_bus 0000:00: root bus resource [mem 0x000a0000-0x000bffff window]
[    0.905060] pci_bus 0000:00: root bus resource [mem 0x40000000-0xfdffffff window]
[    0.908334] pci_bus 0000:00: root bus resource [bus 00-ff]
[    0.913686] pci 0000:00:01.1: legacy IDE quirk: reg 0x10: [io  0x01f0-0x01f7]
[    0.916286] pci 0000:00:01.1: legacy IDE quirk: reg 0x14: [io  0x03f6]
[    0.918867] pci 0000:00:01.1: legacy IDE quirk: reg 0x18: [io  0x0170-0x0177]
[    0.921447] pci 0000:00:01.1: legacy IDE quirk: reg 0x1c: [io  0x0376]
[    0.942590] pci 0000:00:07.0: quirk: [io  0x4000-0x403f] claimed by PIIX4 ACPI
[    0.946037] pci 0000:00:07.0: quirk: [io  0x4100-0x410f] claimed by PIIX4 SMB
[    0.956907] ACPI: PCI Interrupt Link [LNKA] (IRQs 5 9 10 *11)
[    0.960845] ACPI: PCI Interrupt Link [LNKB] (IRQs 5 9 *10 11)
[    0.964335] ACPI: PCI Interrupt Link [LNKC] (IRQs 5 *9 10 11)
[    0.967713] ACPI: PCI Interrupt Link [LNKD] (IRQs 5 9 10 *11)
[    0.971427] ACPI: Enabled 2 GPEs in block 00 to 07
[    0.974364] vgaarb: setting as boot device: PCI:0000:00:02.0
[    0.976692] vgaarb: device added: PCI:0000:00:02.0,decodes=io+mem,owns=io+mem,locks=none
[    0.980420] vgaarb: loaded
[    0.981920] vgaarb: bridge control possible 0000:00:02.0
[    0.984581] SCSI subsystem initialized
[    0.986786] ACPI: bus type USB registered
[    0.988738] usbcore: registered new interface driver usbfs
[    0.991068] usbcore: registered new interface driver hub
[    0.993216] usbcore: registered new device driver usb
[    0.996154] PCI: Using ACPI for IRQ routing
[    0.998744] NetLabel: Initializing
[    1.000377] NetLabel:  domain hash size = 128
[    1.002260] NetLabel:  protocols = UNLABELED CIPSOv4
[    1.004309] NetLabel:  unlabeled traffic allowed by default
[    1.006853] amd_nb: Cannot enumerate AMD northbridges
[    1.008986] clocksource: Switched to clocksource kvm-clock
[    1.027490] AppArmor: AppArmor Filesystem Enabled
[    1.029759] pnp: PnP ACPI init
[    1.033139] pnp: PnP ACPI: found 3 devices
[    1.034923] PnPBIOS: Disabled by ACPI PNP
[    1.084728] clocksource: acpi_pm: mask: 0xffffff max_cycles: 0xffffff, max_idle_ns: 2085701024 ns
[    1.088503] NET: Registered protocol family 2
[    1.090670] TCP established hash table entries: 8192 (order: 3, 32768 bytes)
[    1.093379] TCP bind hash table entries: 8192 (order: 4, 65536 bytes)
[    1.095905] TCP: Hash tables configured (established 8192 bind 8192)
[    1.098447] UDP hash table entries: 512 (order: 2, 16384 bytes)
[    1.100707] UDP-Lite hash table entries: 512 (order: 2, 16384 bytes)
[    1.103316] NET: Registered protocol family 1
[    1.105201] pci 0000:00:00.0: Limiting direct PCI/PCI transfers
[    1.107599] pci 0000:00:01.0: Activating ISA DMA hang workarounds
[    1.111437] Unpacking initramfs...
[    1.579552] Freeing initrd memory: 14860K
[    1.581641] RAPL PMU detected, API unit is 2^-32 Joules, 4 fixed counters 10737418240 ms ovfl timer
[    1.585471] hw unit of domain pp0-core 2^-0 Joules
[    1.587446] hw unit of domain package 2^-0 Joules
[    1.589538] hw unit of domain dram 2^-0 Joules
[    1.591478] hw unit of domain pp1-gpu 2^-0 Joules
[    1.593434] clocksource: tsc: mask: 0xffffffffffffffff max_cycles: 0x28446877189, max_idle_ns: 440795280878 ns
[    1.597630] platform rtc_cmos: registered platform RTC device (no PNP device found)
[    1.601197] Scanning for low memory corruption every 60 seconds
[    1.604549] audit: initializing netlink subsys (disabled)
[    1.607020] audit: type=2000 audit(1581431225.228:1): initialized
[    1.610057] Initialise system trusted keyring
[    1.612291] HugeTLB registered 2 MB page size, pre-allocated 0 pages
[    1.619068] zbud: loaded
[    1.620866] VFS: Disk quotas dquot_6.6.0
[    1.622924] VFS: Dquot-cache hash table entries: 1024 (order 0, 4096 bytes)
[    1.626021] squashfs: version 4.0 (2009/01/31) Phillip Lougher
[    1.629157] fuse init (API version 7.23)
[    1.631310] Key type big_key registered
[    1.642672] Allocating IMA MOK and blacklist keyrings.
[    1.650853] Key type asymmetric registered
[    1.655771] Asymmetric key parser 'x509' registered
[    1.657808] bounce: pool size: 64 pages
[    1.659679] Block layer SCSI generic (bsg) driver version 0.4 loaded (major 249)
[    1.663584] io scheduler noop registered
[    1.665420] io scheduler deadline registered (default)
[    1.667791] io scheduler cfq registered
[    1.669767] pci_hotplug: PCI Hot Plug PCI Core version: 0.5
[    1.672048] pciehp: PCI Express Hot Plug Controller Driver version: 0.4
[    1.674789] ACPI: AC Adapter [AC] (on-line)
[    1.676735] input: Power Button as /devices/LNXSYSTM:00/LNXPWRBN:00/input/input0
[    1.680109] ACPI: Power Button [PWRF]
[    1.682050] input: Sleep Button as /devices/LNXSYSTM:00/LNXSLPBN:00/input/input1
[    1.685312] ACPI: Sleep Button [SLPF]
[    1.687529] GHES: HEST is not enabled!
[    1.689349] isapnp: Scanning for PnP cards...
[    1.697102] Serial: 8250/16550 driver, 32 ports, IRQ sharing enabled
[    1.729179] 00:02: ttyS0 at I/O 0x3f8 (irq = 4, base_baud = 115200) is a 16550A
[    1.736299] Linux agpgart interface v0.103
[    1.743147] loop: module loaded
[    1.745876] scsi host0: ata_piix
[    1.747537] scsi host1: ata_piix
[    1.749139] ata1: PATA max UDMA/33 cmd 0x1f0 ctl 0x3f6 bmdma 0xd000 irq 14
[    1.751602] ata2: PATA max UDMA/33 cmd 0x170 ctl 0x376 bmdma 0xd008 irq 15
[    1.754379] libphy: Fixed MDIO Bus: probed
[    1.756193] tun: Universal TUN/TAP device driver, 1.6
[    1.758337] tun: (C) 1999-2004 Max Krasnyansky <maxk@qualcomm.com>
[    1.761047] PPP generic driver version 2.4.2
[    1.763226] ehci_hcd: USB 2.0 'Enhanced' Host Controller (EHCI) Driver
[    1.765724] ehci-pci: EHCI PCI platform driver
[    1.767781] ehci-platform: EHCI generic platform driver
[    1.770019] ohci_hcd: USB 1.1 'Open' Host Controller (OHCI) Driver
[    1.772413] ohci-pci: OHCI PCI platform driver
[    1.774508] ohci-platform: OHCI generic platform driver
[    1.776787] uhci_hcd: USB Universal Host Controller Interface driver
[    1.779438] i8042: PNP: PS/2 Controller [PNP0303:PS2K,PNP0f03:PS2M] at 0x60,0x64 irq 1,12
[    1.784635] serio: i8042 KBD port at 0x60,0x64 irq 1
[    1.786786] serio: i8042 AUX port at 0x60,0x64 irq 12
[    1.789513] mousedev: PS/2 mouse device common for all mice
[    1.792640] rtc_cmos rtc_cmos: rtc core: registered rtc_cmos as rtc0
[    1.795503] input: AT Translated Set 2 keyboard as /devices/platform/i8042/serio0/input/input2
[    1.799521] rtc_cmos rtc_cmos: alarms up to one day, 114 bytes nvram
[    1.802090] i2c /dev entries driver
[    1.803873] device-mapper: uevent: version 1.0.3
[    1.806045] device-mapper: ioctl: 4.34.0-ioctl (2015-10-28) initialised: dm-devel@redhat.com
[    1.809872] platform eisa.0: Probing EISA bus 0
[    1.812053] platform eisa.0: EISA: Cannot allocate resource for mainboard
[    1.814785] platform eisa.0: Cannot allocate resource for EISA slot 1
[    1.817321] platform eisa.0: Cannot allocate resource for EISA slot 2
[    1.819981] platform eisa.0: Cannot allocate resource for EISA slot 3
[    1.822450] platform eisa.0: Cannot allocate resource for EISA slot 4
[    1.824863] platform eisa.0: Cannot allocate resource for EISA slot 5
[    1.827392] platform eisa.0: Cannot allocate resource for EISA slot 6
[    1.829790] platform eisa.0: Cannot allocate resource for EISA slot 7
[    1.832295] platform eisa.0: Cannot allocate resource for EISA slot 8
[    1.835018] platform eisa.0: EISA: Detected 0 cards
[    1.837179] cpufreq-nforce2: No nForce2 chipset.
[    1.839140] ledtrig-cpu: registered to indicate activity on CPUs
[    1.842021] NET: Registered protocol family 10
[    1.844166] NET: Registered protocol family 17
[    1.846171] Key type dns_resolver registered
[    1.848288] Using IPI No-Shortcut mode
[    1.850273] registered taskstats version 1
[    1.852146] Loading compiled-in X.509 certificates
[    1.857878] Loaded X.509 cert 'Build time autogenerated kernel key: 997ad5984dc674eda91f4a988c0193c087d0ed4c'
[    1.862070] zswap: loaded using pool lzo/zbud
[    1.866920] Key type trusted registered
[    1.874228] Key type encrypted registered
[    1.875997] AppArmor: AppArmor sha1 policy hashing enabled
[    1.878469] ima: No TPM chip found, activating TPM-bypass!
[    1.880851] ima: Allocated hash algorithm: sha1
[    1.882806] evm: HMAC attrs: 0x1
[    1.884682]   Magic number: 8:659:434
[    1.886735] rtc_cmos rtc_cmos: setting system clock to 2020-02-11 14:26:59 UTC (1581431219)
[    1.890584] BIOS EDD facility v0.16 2004-Jun-25, 0 devices found
[    1.892920] EDD information not available.
[    2.054334] isapnp: No Plug & Play device found
[    2.056883] Freeing unused kernel memory: 936K
[    2.388685] Write protecting the kernel text: 8140k
[    2.396980] Write protecting the kernel read-only data: 3212k
[    2.405774] NX-protecting the kernel data: 6196k
Loading, please wait...
starting version 229
[    2.449559] random: systemd-udevd: uninitialized urandom read (16 bytes read, 2 bits of entropy available)
[    2.450847] random: udevadm: uninitialized urandom read (16 bytes read, 2 bits of entropy available)
[    2.457948] random: systemd-udevd: uninitialized urandom read (16 bytes read, 2 bits of entropy available)
[    2.463552] random: systemd-udevd: uninitialized urandom read (16 bytes read, 2 bits of entropy available)
[    2.480947] random: udevadm: uninitialized urandom read (16 bytes read, 2 bits of entropy available)
[    2.481040] random: udevadm: uninitialized urandom read (16 bytes read, 2 bits of entropy available)
[    2.481413] random: udevadm: uninitialized urandom read (16 bytes read, 2 bits of entropy available)
[    2.481537] random: udevadm: uninitialized urandom read (16 bytes read, 2 bits of entropy available)
[    2.481670] random: udevadm: uninitialized urandom read (16 bytes read, 2 bits of entropy available)
[    2.481803] random: udevadm: uninitialized urandom read (16 bytes read, 2 bits of entropy available)
[    2.610642] e1000: Intel(R) PRO/1000 Network Driver - version 7.3.21-k8-NAPI
[    2.613488] e1000: Copyright (c) 1999-2006 Intel Corporation.
[    2.626485] Fusion MPT base driver 3.04.20
[    2.628315] Copyright (c) 1999-2008 LSI Corporation
[    2.643646] [drm] Initialized drm 1.1.0 20060810
[    2.715524] Fusion MPT SPI Host driver 3.04.20
[    2.726985] vboxvideo: loading out-of-tree module taints kernel.
[    2.729414] vboxvideo: module verification failed: signature and/or required key missing - tainting kernel
[    2.808902] input: ImExPS/2 Generic Explorer Mouse as /devices/platform/i8042/serio1/input/input4
[    3.119902] e1000 0000:00:03.0 eth0: (PCI:33MHz:32-bit) 02:f0:48:ad:bd:2d
[    3.127084] e1000 0000:00:03.0 eth0: Intel(R) PRO/1000 Network Connection
[    3.138307] mptbase: ioc0: Initiating bringup
[    3.140849] e1000 0000:00:03.0 enp0s3: renamed from eth0
[    3.210193] ioc0: LSI53C1030 A0: Capabilities={Initiator}
[    3.383015] scsi host2: ioc0: LSI53C1030 A0, FwRev=00000000h, Ports=1, MaxQ=256, IRQ=20
[    3.512419] scsi 2:0:0:0: Direct-Access     VBOX     HARDDISK         1.0  PQ: 0 ANSI: 5
[    3.523507] [drm] VRAM 01000000
[    3.527047] scsi target2:0:0: Beginning Domain Validation
[    3.532799] [TTM] Zone  kernel: Available graphics memory: 444288 kiB
[    3.538095] [TTM] Zone highmem: Available graphics memory: 511844 kiB
[    3.542241] [TTM] Initializing pool allocator
[    3.544207] [TTM] Initializing DMA pool allocator
[    3.550547] fbcon: vboxdrmfb (fb0) is primary device
[    3.565443] scsi target2:0:0: Domain Validation skipping write tests
[    3.565446] scsi target2:0:0: Ending Domain Validation
[    3.565647] scsi target2:0:0: asynchronous
[    3.572674] Console: switching to colour frame buffer device 100x37
[    3.578372] scsi 2:0:1:0: Direct-Access     VBOX     HARDDISK         1.0  PQ: 0 ANSI: 5
[    3.578383] scsi target2:0:1: Beginning Domain Validation
[    3.585937] vboxvideo 0000:00:02.0: fb0: vboxdrmfb frame buffer device
[    3.589973] scsi target2:0:1: Domain Validation skipping write tests
[    3.591476] scsi target2:0:1: Ending Domain Validation
[    3.592921] scsi target2:0:1: asynchronous
[    3.597032] [drm] Initialized vboxvideo 1.0.0 20130823 for 0000:00:02.0 on minor 0
[    3.612400] sd 2:0:0:0: Attached scsi generic sg0 type 0
[    3.615640] sd 2:0:0:0: [sda] 20971520 512-byte logical blocks: (10.7 GB/10.0 GiB)
[    3.619450] sd 2:0:1:0: Attached scsi generic sg1 type 0
[    3.620247] sd 2:0:1:0: [sdb] 20480 512-byte logical blocks: (10.5 MB/10.0 MiB)
[    3.620608] sd 2:0:1:0: [sdb] Write Protect is off
[    3.620849] sd 2:0:1:0: [sdb] Incomplete mode parameter data
[    3.620865] sd 2:0:1:0: [sdb] Assuming drive cache: write through
[    3.625692] sd 2:0:0:0: [sda] Write Protect is off
[    3.625992] sd 2:0:0:0: [sda] Incomplete mode parameter data
[    3.625995] sd 2:0:0:0: [sda] Assuming drive cache: write through
[    3.657727]  sda: sda1
[    3.662229] sd 2:0:1:0: [sdb] Attached SCSI disk
[    3.665562] sd 2:0:0:0: [sda] Attached SCSI disk
Begin: Loading essential drivers ... [    3.990656] md: linear personality registered for level -1
[    4.001806] md: multipath personality registered for level -4
[    4.014023] md: raid0 personality registered for level 0
[    4.028848] md: raid1 personality registered for level 1
[    4.117349] raid6: mmxx1    gen()  1464 MB/s
[    4.185664] raid6: mmxx2    gen()  2038 MB/s
[    4.253087] raid6: sse1x1   gen()  1248 MB/s
[    4.321408] raid6: sse1x2   gen()  2327 MB/s
[    4.390743] raid6: sse2x1   gen()  2639 MB/s
[    4.461061] raid6: sse2x1   xor()  1369 MB/s
[    4.529032] raid6: sse2x2   gen()  4663 MB/s
[    4.597675] raid6: sse2x2   xor()  2658 MB/s
[    4.665067] raid6: avx2x1   gen()  5098 MB/s
[    4.734364] raid6: avx2x2   gen()  7926 MB/s
[    4.737818] raid6: using algorithm avx2x2 gen() 7926 MB/s
[    4.741317] raid6: using avx2x1 recovery algorithm
[    4.750979] xor: automatically using best checksumming function:
[    4.793494]    avx       : 16038.000 MB/sec
[    4.801275] async_tx: api initialized (async)
[    4.838679] md: raid6 personality registered for level 6
[    4.842379] md: raid5 personality registered for level 5
[    4.845866] md: raid4 personality registered for level 4
[    4.865244] md: raid10 personality registered for level 10
done.
Begin: Running /scripts/init-premount ... done.
Begin: Mounting root file system ... Begin: Running /scripts/local-top ... done.
Begin: Running /scripts/local-premount ... [    4.946265] Btrfs loaded
Scanning for Btrfs filesystems
done.
Warning: fsck not present, so skipping root file system
[    5.019064] EXT4-fs (sda1): mounted filesystem with ordered data mode. Opts: (null)
done.
Begin: Running /scripts/local-bottom ... done.
Begin: Running /scripts/init-bottom ... done.
[    5.965528] systemd[1]: systemd 229 running in system mode. (+PAM +AUDIT +SELINUX +IMA +APPARMOR +SMACK +SYSVINIT +UTMP +LIBCRYPTSETUP +GCRYPT +GNUTLS +ACL +XZ -LZ4 +SECCOMP +BLKID +ELFUTILS +KMOD -IDN)
[    5.975664] systemd[1]: Detected virtualization oracle.
[    5.978762] systemd[1]: Detected architecture x86.

Welcome to [1mUbuntu 16.04.6 LTS[0m!

[    6.017734] systemd[1]: Set hostname to <ubuntu-xenial>.
[    6.278495] random: nonblocking pool is initialized
[    7.171367] systemd[1]: Listening on Journal Socket (/dev/log).
[[0;32m  OK  [0m] Listening on Journal Socket (/dev/log).
[    7.176370] systemd[1]: Listening on Journal Socket.
[[0;32m  OK  [0m] Listening on Journal Socket.
[    7.180993] systemd[1]: Started Trigger resolvconf update for networkd DNS.
[[0;32m  OK  [0m] Started Trigger resolvconf update for networkd DNS.
[    7.185932] systemd[1]: Reached target System Time Synchronized.
[[0;32m  OK  [0m] Reached target System Time Synchronized.
[    7.191633] systemd[1]: Created slice User and Session Slice.
[[0;32m  OK  [0m] Created slice User and Session Slice.
[    7.196206] systemd[1]: Reached target User and Group Name Lookups.
[[0;32m  OK  [0m] Reached target User and Group Name Lookups.
[    7.200754] systemd[1]: Listening on LVM2 metadata daemon socket.
[[0;32m  OK  [0m] Listening on LVM2 metadata daemon socket.
[    7.205704] systemd[1]: Listening on Syslog Socket.
[[0;32m  OK  [0m] Listening on Syslog Socket.
[    7.210345] systemd[1]: Listening on Journal Audit Socket.
[[0;32m  OK  [0m] Listening on Journal Audit Socket.
[    7.214527] systemd[1]: Reached target Encrypted Volumes.
[[0;32m  OK  [0m] Reached target Encrypted Volumes.
[    7.219398] systemd[1]: Listening on Device-mapper event daemon FIFOs.
[[0;32m  OK  [0m] Listening on Device-mapper event daemon FIFOs.
[    7.224602] systemd[1]: Started Forward Password Requests to Wall Directory Watch.
[[0;32m  OK  [0m] Started Forward Password Requests to Wall Directory Watch.
[    7.230051] systemd[1]: Listening on /dev/initctl Compatibility Named Pipe.
[[0;32m  OK  [0m] Listening on /dev/initctl Compatibility Named Pipe.
[    7.235614] systemd[1]: Listening on udev Control Socket.
[[0;32m  OK  [0m] Listening on udev Control Socket.
[    7.240867] systemd[1]: Listening on udev Kernel Socket.
[[0;32m  OK  [0m] Listening on udev Kernel Socket.
[    7.245964] systemd[1]: Reached target Swap.
[[0;32m  OK  [0m] Reached target Swap.
[    7.250704] systemd[1]: Listening on LVM2 poll daemon socket.
[[0;32m  OK  [0m] Listening on LVM2 poll daemon socket.
[    7.256386] systemd[1]: Created slice System Slice.
[[0;32m  OK  [0m] Created slice System Slice.
[    7.261844] systemd[1]: Created slice system-serial\x2dgetty.slice.
[[0;32m  OK  [0m] Created slice system-serial\x2dgetty.slice.
[    7.277876] systemd[1]: Starting Remount Root and Kernel File Systems...
         Starting Remount Root and Kernel File Systems...
[    7.284585] systemd[1]: Mounting Debug File System...
         Mounting Debug File System...
[    7.290502] systemd[1]: Starting Nameserver information manager...
         Starting Nameserver information manager...
[    7.297507] systemd[1]: Mounting Huge Pages File System...
         Mounting Huge Pages File System...
[    7.304280] systemd[1]: Starting Create list of required static device nodes for the current kernel...
         Starting Create list of required st... nodes for the current kernel...
[    7.354457] systemd[1]: Starting Load Kernel Modules...
         Starting Load Kernel Modules...
[    7.373626] systemd[1]: Reached target Slices.
[[0;32m  OK  [0m] Reached target Slices.
[    7.387829] systemd[1]: Starting Uncomplicated firewall...
         Starting Uncompl[    7.396163] EXT4-fs (sda1): re-mounted. Opts: (null)
icated firewall...
[    7.400456] systemd[1]: Starting Monitoring of LVM2 mirrors, snapshots etc. using dmeventd or progress polling...
         Starting Monitoring of LVM2 mirrors... dmeventd or progress polling...
[    7.415948] systemd[1]: Starting Set console keymap...
         Starting Set console keymap...
[    7.423078] systemd[1]: Starting Journal Service...
         Starting Journal Service...
[    7.429519] systemd[1]: Mounting POSIX Message Queue File System...
         Mounting POSIX Message Queue File System...
[    7.435665] systemd[1]: Set up automount Arbitrary Executable File Formats File System Automount Point.
[[0;32m  OK  [0m] Set up automount Arbitrary Executab...ats File System Automount Point.
[    7.455533] systemd[1]: Mounted POSIX Message Queue File System.
[[0;32m  OK  [0m] Mounted POSIX Message Queue File System.
[    7.461518] systemd[1]: Mounted Huge Pages File System.
[[0;32m  OK  [0m] Mounted Huge Pages File System.
[    7.469042] systemd[1]: Mounted Debug File System.
[[0;32m  OK  [0m] Mounted Debug File System.
[    7.475872] systemd[1]: Started Remount Root and Kernel File Systems.
[[0;32m  OK  [0m] Started Remount Root and Kernel File Systems.
[    7.484054] systemd[1]: Started Create list of required static device nodes for the current kernel.
[[0;32m  OK  [0m] Started Create list of required sta...ce nodes for the current kernel.
[    7.494689] systemd[1]: Started Uncomplicated firewall.
[[0;32m  OK  [0m] Started Uncomplicated firewall.
[    7.503336] systemd[1]: Started Nameserver information manager.
[[0;32m  OK  [0m] Started Nameserver information manager.
[    7.516543] systemd[1]: Starting Create Static Device Nodes in /dev...
         Starting Create Static Device Nodes in /dev...
[    7.522927] Loading iSCSI transport class v2.0-870.
[    7.553321] systemd[1]: Starting udev Coldplug all Devices...
         Starting udev Coldplug all Devices...
[    7.563410] systemd[1]: Starting Load/Save Random Seed...
         Starting Load/Save Random Seed...
[    7.584626] iscsi: registered transport (tcp)
[    7.631371] systemd[1]: Started Load/Save Random Seed.
[[0;32m  OK  [0m] Started Load/Save Random Seed.
[    7.673349] systemd[1]: Started LVM2 metadata daemon.
[[0;32m  OK  [0m] Started LVM2 metadata daemon.
[    7.744232] systemd[1]: Started Set console keymap.
[[0;32m  OK  [0m] Started Set console keymap.
[    7.812545] iscsi: registered transport (iser)
[    7.819288] systemd[1]: Started Load Kernel Modules.
[[0;32m  OK  [0m] Started Load Kernel Modules.
[    7.837527] systemd[1]: Mounting FUSE Control File System...
         Mounting FUSE Control File System...
[    7.845791] systemd[1]: Starting Apply Kernel Variables...
         Starting Apply Kernel Variables...
[    7.854173] systemd[1]: Mounted FUSE Control File System.
[[0;32m  OK  [0m] Mounted FUSE Control File System.
[    7.883948] systemd[1]: Started Journal Service.
[[0;32m  OK  [0m] Started Journal Service.
         Starting Flush Journal to Persistent Storage...
[[0;32m  OK  [0m] Started udev Coldplug all Devices.
[[0;32m  OK  [0m] Started Apply Kernel Variables.
[[0;32m  OK  [0m] Started Flush Journal to Persistent Storage.
[[0;32m  OK  [0m] Started Create Static Device Nodes in /dev.
         Starting udev Kernel Device Manager...
[[0;32m  OK  [0m] Started Monitoring of LVM2 mirrors,...ng dmeventd or progress polling.
[[0;32m  OK  [0m] Reached target Local File Systems (Pre).
[[0;32m  OK  [0m] Reached target Local File Systems.
         Starting LSB: AppArmor initialization...
         Starting Initial cloud-init job (pre-networking)...
         Starting Tell Plymouth To Write Out Runtime Data...
         Starting Set console font and keymap...
         Starting Create Volatile Files and Directories...
[[0;32m  OK  [0m] Started Tell Plymouth To Write Out Runtime Data.
[[0;32m  OK  [0m] Started Create Volatile Files and Directories.
         Starting Update UTMP about System Boot/Shutdown...
[[0;32m  OK  [0m] Started Update UTMP about System Boot/Shutdown.
[[0;32m  OK  [0m] Started udev Kernel Device Manager.
[[0;32m  OK  [0m] Started Dispatch Password Requests to Console Directory Watch.
[[0;32m  OK  [0m] Started Set console font and keymap.
[[0;32m  OK  [0m] Created slice system-getty.slice.
[[0;32m  OK  [0m] Found device /dev/ttyS0.
[[0;32m  OK  [0m] Listening on Load/Save RF Kill Switch Status /dev/rfkill Watch.
[[0;32m  OK  [0m] Found device 82540EM Gigabit Ethern...r (PRO/1000 MT Desktop Adapter).
[[0;32m  OK  [0m] Started LSB: AppArmor initialization.
[   12.285500] cloud-init[462]: Cloud-init v. 19.4-33-gbb4131a2-0ubuntu1~16.04.1 running 'init-local' at Tue, 11 Feb 2020 14:27:09 +0000. Up 11.39 seconds.
[[0;32m  OK  [0m] Started Initial cloud-init job (pre-networking).
[[0;32m  OK  [0m] Reached target Network (Pre).
         Starting Raise network interfaces...
[[0;32m  OK  [0m] Started ifup for enp0s3.
[[0;32m  OK  [0m] Started Raise network interfaces.
[[0;32m  OK  [0m] Reached target Network.
         Starting Initial cloud-init job (metadata service crawler)...
[   14.452800] cloud-init[964]: Cloud-init v. 19.4-33-gbb4131a2-0ubuntu1~16.04.1 running 'init' at Tue, 11 Feb 2020 14:27:11 +0000. Up 13.57 seconds.
[   14.457342] cloud-init[964]: ci-info: ++++++++++++++++++++++++++++++++++++++Net device info++++++++++++++++++++++++++++++++++++++
[   14.461640] cloud-init[964]: ci-info: +--------+------+----------------------------+---------------+--------+-------------------+
[   14.465528] cloud-init[964]: ci-info: | Device |  Up  |          Address           |      Mask     | Scope  |     Hw-Address    |
[   14.469763] cloud-init[964]: ci-info: +--------+------+----------------------------+---------------+--------+-------------------+
[   14.475930] cloud-init[964]: ci-info: | enp0s3 | True |         10.0.2.15          | 255.255.255.0 | global | 02:f0:48:ad:bd:2d |
[   14.482740] cloud-init[964]: ci-info: | enp0s3 | True | fe80::f0:48ff:fead:bd2d/64 |       .       |  link  | 02:f0:48:ad:bd:2d |
[   14.485369] cloud-init[964]: ci-info: |   lo   | True |         127.0.0.1          |   255.0.0.0   |  host  |         .         |
[   14.487868] cloud-init[964]: ci-info: |   lo   | True |          ::1/128           |       .       |  host  |         .         |
[   14.490362] cloud-init[964]: ci-info: +--------+------+----------------------------+---------------+--------+-------------------+
[   14.492924] cloud-init[964]: ci-info: +++++++++++++++++++++++++++Route IPv4 info++++++++++++++++++++++++++++
[   14.495207] cloud-init[964]: ci-info: +-------+-------------+----------+---------------+-----------+-------+
[   14.497719] cloud-init[964]: ci-info: | Route | Destination | Gateway  |    Genmask    | Interface | Flags |
[   14.500869] cloud-init[964]: ci-info: +-------+-------------+----------+---------------+-----------+-------+
[   14.508812] cloud-init[964]: ci-info: |   0   |   0.0.0.0   | 10.0.2.2 |    0.0.0.0    |   enp0s3  |   UG  |
[   14.516695] cloud-init[964]: ci-info: |   1   |   10.0.2.0  | 0.0.0.0  | 255.255.255.0 |   enp0s3  |   U   |
[   14.524752] cloud-init[964]: ci-info: +-------+-------------+----------+---------------+-----------+-------+
[   14.526922] cloud-init[964]: ci-info: +++++++++++++++++++Route IPv6 info+++++++++++++++++++
[   14.528990] cloud-init[964]: ci-info: +-------+-------------+---------+-----------+-------+
[   14.537316] cloud-init[964]: ci-info: | Route | Destination | Gateway | Interface | Flags |
[   14.539980] cloud-init[964]: ci-info: +-------+-------------+---------+-----------+-------+
[   14.542373] cloud-init[964]: ci-info: |   0   |  fe80::/64  |    ::   |   enp0s3  |   U   |
[   14.544665] cloud-init[964]: ci-info: |   3   |   ff00::/8  |    ::   |   enp0s3  |   U   |
[   14.552705] cloud-init[964]: ci-info: +-------+-------------+---------+-----------+-------+
[[0;32m  OK  [0m] Started Initial cloud-init job (metadata service crawler).
[[0;32m  OK  [0m] Reached target Network is Online.
         Starting iSCSI initiator daemon (iscsid)...
[[0;32m  OK  [0m] Reached target System Initialization.
[[0;32m  OK  [0m] Listening on ACPID Listen Socket.
[[0;32m  OK  [0m] Started Message of the Day.
         Starting LXD - unix socket.
[[0;32m  OK  [0m] Listening on D-Bus System Message Bus Socket.
[[0;32m  OK  [0m] Started Daily Cleanup of Temporary Directories.
[[0;32m  OK  [0m] Listening on UUID daemon activation socket.
         Starting Socket activation for snappy daemon.
[[0;32m  OK  [0m] Started Daily apt download activities.
[[0;32m  OK  [0m] Started Daily apt upgrade and clean activities.
[[0;32m  OK  [0m] Reached target Timers.
[[0;32m  OK  [0m] Started ACPI Events Check.
[[0;32m  OK  [0m] Reached target Paths.
[[0;32m  OK  [0m] Reached target Cloud-config availability.
[[0;32m  OK  [0m] Listening on LXD - unix socket.
[[0;32m  OK  [0m] Listening on Socket activation for snappy daemon.
[[0;32m  OK  [0m] Reached target Sockets.
[[0;32m  OK  [0m] Reached target Basic System.
         Starting vboxadd.service...
[[0;32m  OK  [0m] Started Deferred execution scheduler.
         Starting OpenBSD Secure Shell server...
         Starting LSB: Record successful boot for GRUB...
         Starting /etc/rc.local Compatibility...
[[0;32m  OK  [0m] Started FUSE filesystem for LXC.
         Starting MySQL Community Server...
         Starting Snappy daemon...
[[0;32m  OK  [0m] Started ACPI event daemon.
         Starting Accounts Service...
         Starting System Logging Service...
         Starting LSB: MD monitoring daemon...
         Starting Login Service...
[[0;32m  OK  [0m] Started D-Bus System Message Bus.
[[0;32m  OK  [0m] Started Regular background program processing daemon.
         Starting LXD - container startup/shutdown...
[[0;32m  OK  [0m] Started System Logging Service.
[[0;32m  OK  [0m] Started iSCSI initiator daemon (iscsid).
[[0;32m  OK  [0m] Started /etc/rc.local Compatibility.
         Starting Login to default iSCSI targets...
[[0;32m  OK  [0m] Started Login Service.
[[0;32m  OK  [0m] Started Unattended Upgrades Shutdown.
[[0;32m  OK  [0m] Started LSB: Record successful boot for GRUB.
[[0;32m  OK  [0m] Started OpenBSD Secure Shell server.
         Starting Authenticate and Authorize Users to Run Privileged Tasks...
[[0;32m  OK  [0m] Started Login to default iSCSI targets.
[[0;32m  OK  [0m] Reached target Remote File Systems (Pre).
[[0;32m  OK  [0m] Reached target Remote File Systems.
         Starting LSB: automatic crash report generation...
         Starting LSB: Set the CPU Frequency Scaling governor to "ondemand"...
         Starting Permit User Sessions...
         Starting LSB: daemon to balance interrupts for SMP systems...
[[0;32m  OK  [0m] Started LSB: MD monitoring daemon.
[[0;32m  OK  [0m] Started LSB: Set the CPU Frequency Scaling governor to "ondemand".
[[0;32m  OK  [0m] Started Authenticate and Authorize Users to Run Privileged Tasks.
[[0;32m  OK  [0m] Started Accounts Service.
[[0;32m  OK  [0m] Started LSB: daemon to balance interrupts for SMP systems.
[[0;32m  OK  [0m] Started LSB: automatic crash report generation.
[[0;32m  OK  [0m] Started Permit User Sessions.
         Starting Terminate Plymouth Boot Screen...
         Starting Hold until boot process finishes up...
[[0;32m  OK  [0m] Started Snappy daemon.
[[0;32m  OK  [0m] Started Terminate Plymouth Boot Screen.
[[0;32m  OK  [0m] Started Hold until boot process finishes up.
[[0;32m  OK  [0m] Started Serial Getty on ttyS0.
[[0;32m  OK  [0m] Started Getty on tty1.
[[0;32m  OK  [0m] Reached target Login Prompts.
         Starting Set console scheme...
         Starting Wait until snapd is fully seeded...
[[0;32m  OK  [0m] Started Set console scheme.
[[0;32m  OK  [0m] Started Wait until snapd is fully seeded.
         Starting Apply the settings specified in cloud-config...
[[0;32m  OK  [0m] Started LXD - container startup/shutdown.
[   18.243265] cloud-init[1236]: Cloud-init v. 19.4-33-gbb4131a2-0ubuntu1~16.04.1 running 'modules:config' at Tue, 11 Feb 2020 14:27:15 +0000. Up 17.76 seconds.
[[0;32m  OK  [0m] Started Apply the settings specified in cloud-config.
[[0;32m  OK  [0m] Created slice User Slice of vagrant.
         Starting User Manager for UID 1000...
[[0;32m  OK  [0m] Started Session 1 of user vagrant.
[[0;32m  OK  [0m] Started User Manager for UID 1000.
[[0;32m  OK  [0m] Started MySQL Community Server.
[[0;32m  OK  [0m] Started vboxadd.service.
         Starting vboxadd-service.service...
[[0;1;31mFAILED[0m] Failed to start vboxadd-service.service.
See 'systemctl status vboxadd-service.service' for details.
[[0;32m  OK  [0m] Reached target Multi-User System.
[[0;32m  OK  [0m] Reached target Graphical Interface.
         Starting Update UTMP about System Runlevel Changes...
         Starting Execute cloud user/final scripts...
[[0;32m  OK  [0m] Started Update UTMP about System Runlevel Changes.

Ubuntu 16.04.6 LTS ubuntu-xenial ttyS0

ubuntu-xenial login: [   22.831909] cloud-init[1439]: Cloud-init v. 19.4-33-gbb4131a2-0ubuntu1~16.04.1 running 'modules:final' at Tue, 11 Feb 2020 14:27:20 +0000. Up 22.49 seconds.
[   22.832404] cloud-init[1439]: Cloud-init v. 19.4-33-gbb4131a2-0ubuntu1~16.04.1 finished at Tue, 11 Feb 2020 14:27:20 +0000. Datasource DataSourceNoCloud [seed=/dev/sdb][dsmode=net].  Up 22.81 seconds
